>@network
#^^^^^^^^ source.vehicle keyword.other.declaration.network.vehicle
>f : Tensor Real [1] -> Tensor Real [1]
#^^ source.vehicle
#  ^ source.vehicle keyword.operator.colon.vehicle
#   ^ source.vehicle
#    ^^^^^^ source.vehicle support.type.tensor.vehicle
#          ^ source.vehicle
#           ^^^^ source.vehicle support.type.rat.vehicle
#               ^^ source.vehicle
#                 ^ source.vehicle constant.numeric.integral.decimal.vehicle
#                  ^^ source.vehicle
#                    ^^ source.vehicle keyword.operator.arrow.vehicle
#                      ^ source.vehicle
#                       ^^^^^^ source.vehicle support.type.tensor.vehicle
#                             ^ source.vehicle
#                              ^^^^ source.vehicle support.type.rat.vehicle
#                                  ^^ source.vehicle
#                                    ^ source.vehicle constant.numeric.integral.decimal.vehicle
#                                     ^^ source.vehicle
>
>myForall : Real -> Bool
#^^^^^^^^^ source.vehicle
#         ^ source.vehicle keyword.operator.colon.vehicle
#          ^ source.vehicle
#           ^^^^ source.vehicle support.type.rat.vehicle
#               ^ source.vehicle
#                ^^ source.vehicle keyword.operator.arrow.vehicle
#                  ^ source.vehicle
#                   ^^^^ source.vehicle support.type.bool.vehicle
>myForall y = forall x . f x ! 0 >= y
#^^^^^^^^^^^ source.vehicle
#           ^ source.vehicle keyword.operator.define.vehicle
#            ^ source.vehicle
#             ^^^^^^ source.vehicle keyword.control.forall.vehicle
#                   ^^^ source.vehicle
#                      ^ source.vehicle keyword.operator.dot.vehicle
#                       ^^^^^ source.vehicle
#                            ^ source.vehicle keyword.operator.lookup.vehicle
#                             ^ source.vehicle
#                              ^ source.vehicle constant.numeric.integral.decimal.vehicle
#                               ^ source.vehicle
#                                ^^ source.vehicle keyword.operator.gte.vehicle
#                                  ^^^ source.vehicle
>
>notApp : (Real -> Bool) -> Real -> Bool
#^^^^^^^ source.vehicle
#       ^ source.vehicle keyword.operator.colon.vehicle
#        ^^ source.vehicle
#          ^^^^ source.vehicle support.type.rat.vehicle
#              ^ source.vehicle
#               ^^ source.vehicle keyword.operator.arrow.vehicle
#                 ^ source.vehicle
#                  ^^^^ source.vehicle support.type.bool.vehicle
#                      ^^ source.vehicle
#                        ^^ source.vehicle keyword.operator.arrow.vehicle
#                          ^ source.vehicle
#                           ^^^^ source.vehicle support.type.rat.vehicle
#                               ^ source.vehicle
#                                ^^ source.vehicle keyword.operator.arrow.vehicle
#                                  ^ source.vehicle
#                                   ^^^^ source.vehicle support.type.bool.vehicle
>notApp (f : Real -> Bool) x = not (f x)
#^^^^^^^^^^ source.vehicle
#          ^ source.vehicle keyword.operator.colon.vehicle
#           ^ source.vehicle
#            ^^^^ source.vehicle support.type.rat.vehicle
#                ^ source.vehicle
#                 ^^ source.vehicle keyword.operator.arrow.vehicle
#                   ^ source.vehicle
#                    ^^^^ source.vehicle support.type.bool.vehicle
#                        ^^^^ source.vehicle
#                            ^ source.vehicle keyword.operator.define.vehicle
#                             ^ source.vehicle
#                              ^^^ source.vehicle constant.language.not.vehicle
#                                 ^^^^^^^ source.vehicle
>
>@property
#^^^^^^^^^ source.vehicle keyword.other.declaration.property.vehicle
>p : Bool
#^^ source.vehicle
#  ^ source.vehicle keyword.operator.colon.vehicle
#   ^ source.vehicle
#    ^^^^ source.vehicle support.type.bool.vehicle
>p = forall y . notApp myForall y
#^^ source.vehicle
#  ^ source.vehicle keyword.operator.define.vehicle
#   ^ source.vehicle
#    ^^^^^^ source.vehicle keyword.control.forall.vehicle
#          ^^^ source.vehicle
#             ^ source.vehicle keyword.operator.dot.vehicle
#              ^^^^^^^^^^^^^^^^^^^ source.vehicle
>