>@parameter(implicit=xsd)
#^^^^^^^^^^ source.vehicle keyword.other.declaration.parameter.vehicle
#          ^^^^^^^^^ source.vehicle
#                   ^ source.vehicle keyword.operator.define.vehicle
#                    ^^^^^ source.vehicle
>epsilon : Real
#^^^^^^^^ source.vehicle
#        ^ source.vehicle keyword.operator.colon.vehicle
#         ^ source.vehicle
#          ^^^^ source.vehicle support.type.rat.vehicle
>