>strands: Real
#^^^^^^^ source.vehicle
#       ^ source.vehicle keyword.operator.colon.vehicle
#        ^ source.vehicle
#         ^^^^ source.vehicle support.type.rat.vehicle
>-- ^^^ - source.vehicle keyword.operator.and.vehicle
#^^ source.vehicle comment.line.double-dash.vehicle punctuation.definition.comment.vehicle
#  ^^^^^^^^^^^^^^^^^^^^^^^^^^^^^^^^^^^^^^^^^^^^^^^^^^ source.vehicle comment.line.double-dash.vehicle
>
>chlorine: Real
#^^^^^^^^ source.vehicle
#        ^ source.vehicle keyword.operator.colon.vehicle
#         ^ source.vehicle
#          ^^^^ source.vehicle support.type.rat.vehicle
>-- ^^ - source.vehicle keyword.operator.or.vehicle
#^^ source.vehicle comment.line.double-dash.vehicle punctuation.definition.comment.vehicle
#  ^^^^^^^^^^^^^^^^^^^^^^^^^^^^^^^^^^^^^^^^^^^^^^^^ source.vehicle comment.line.double-dash.vehicle
>
>